Archive member included to satisfy reference by file (symbol)

D:/STM32CubeIDE_1.15.0/STM32CubeIDE/plugins/com.st.stm32cube.ide.mcu.externaltools.gnu-tools-for-stm32.12.3.rel1.win32_1.0.100.202403111256/tools/bin/../lib/gcc/arm-none-eabi/12.3.1/../../../../arm-none-eabi/lib/thumb/v7e-m+fp/hard\libc_nano.a(libc_a-exit.o)
                              D:/STM32CubeIDE_1.15.0/STM32CubeIDE/plugins/com.st.stm32cube.ide.mcu.externaltools.gnu-tools-for-stm32.12.3.rel1.win32_1.0.100.202403111256/tools/bin/../lib/gcc/arm-none-eabi/12.3.1/../../../../arm-none-eabi/lib/thumb/v7e-m+fp/hard/crt0.o (exit)
D:/STM32CubeIDE_1.15.0/STM32CubeIDE/plugins/com.st.stm32cube.ide.mcu.externaltools.gnu-tools-for-stm32.12.3.rel1.win32_1.0.100.202403111256/tools/bin/../lib/gcc/arm-none-eabi/12.3.1/../../../../arm-none-eabi/lib/thumb/v7e-m+fp/hard\libc_nano.a(libc_a-findfp.o)
                              D:/STM32CubeIDE_1.15.0/STM32CubeIDE/plugins/com.st.stm32cube.ide.mcu.externaltools.gnu-tools-for-stm32.12.3.rel1.win32_1.0.100.202403111256/tools/bin/../lib/gcc/arm-none-eabi/12.3.1/../../../../arm-none-eabi/lib/thumb/v7e-m+fp/hard\libc_nano.a(libc_a-exit.o) (__stdio_exit_handler)
D:/STM32CubeIDE_1.15.0/STM32CubeIDE/plugins/com.st.stm32cube.ide.mcu.externaltools.gnu-tools-for-stm32.12.3.rel1.win32_1.0.100.202403111256/tools/bin/../lib/gcc/arm-none-eabi/12.3.1/../../../../arm-none-eabi/lib/thumb/v7e-m+fp/hard\libc_nano.a(libc_a-fwalk.o)
                              D:/STM32CubeIDE_1.15.0/STM32CubeIDE/plugins/com.st.stm32cube.ide.mcu.externaltools.gnu-tools-for-stm32.12.3.rel1.win32_1.0.100.202403111256/tools/bin/../lib/gcc/arm-none-eabi/12.3.1/../../../../arm-none-eabi/lib/thumb/v7e-m+fp/hard\libc_nano.a(libc_a-findfp.o) (_fwalk_sglue)
D:/STM32CubeIDE_1.15.0/STM32CubeIDE/plugins/com.st.stm32cube.ide.mcu.externaltools.gnu-tools-for-stm32.12.3.rel1.win32_1.0.100.202403111256/tools/bin/../lib/gcc/arm-none-eabi/12.3.1/../../../../arm-none-eabi/lib/thumb/v7e-m+fp/hard\libc_nano.a(libc_a-stdio.o)
                              D:/STM32CubeIDE_1.15.0/STM32CubeIDE/plugins/com.st.stm32cube.ide.mcu.externaltools.gnu-tools-for-stm32.12.3.rel1.win32_1.0.100.202403111256/tools/bin/../lib/gcc/arm-none-eabi/12.3.1/../../../../arm-none-eabi/lib/thumb/v7e-m+fp/hard\libc_nano.a(libc_a-findfp.o) (__sread)
D:/STM32CubeIDE_1.15.0/STM32CubeIDE/plugins/com.st.stm32cube.ide.mcu.externaltools.gnu-tools-for-stm32.12.3.rel1.win32_1.0.100.202403111256/tools/bin/../lib/gcc/arm-none-eabi/12.3.1/../../../../arm-none-eabi/lib/thumb/v7e-m+fp/hard\libc_nano.a(libc_a-memset.o)
                              D:/STM32CubeIDE_1.15.0/STM32CubeIDE/plugins/com.st.stm32cube.ide.mcu.externaltools.gnu-tools-for-stm32.12.3.rel1.win32_1.0.100.202403111256/tools/bin/../lib/gcc/arm-none-eabi/12.3.1/../../../../arm-none-eabi/lib/thumb/v7e-m+fp/hard/crt0.o (memset)
D:/STM32CubeIDE_1.15.0/STM32CubeIDE/plugins/com.st.stm32cube.ide.mcu.externaltools.gnu-tools-for-stm32.12.3.rel1.win32_1.0.100.202403111256/tools/bin/../lib/gcc/arm-none-eabi/12.3.1/../../../../arm-none-eabi/lib/thumb/v7e-m+fp/hard\libc_nano.a(libc_a-closer.o)
                              D:/STM32CubeIDE_1.15.0/STM32CubeIDE/plugins/com.st.stm32cube.ide.mcu.externaltools.gnu-tools-for-stm32.12.3.rel1.win32_1.0.100.202403111256/tools/bin/../lib/gcc/arm-none-eabi/12.3.1/../../../../arm-none-eabi/lib/thumb/v7e-m+fp/hard\libc_nano.a(libc_a-stdio.o) (_close_r)
D:/STM32CubeIDE_1.15.0/STM32CubeIDE/plugins/com.st.stm32cube.ide.mcu.externaltools.gnu-tools-for-stm32.12.3.rel1.win32_1.0.100.202403111256/tools/bin/../lib/gcc/arm-none-eabi/12.3.1/../../../../arm-none-eabi/lib/thumb/v7e-m+fp/hard\libc_nano.a(libc_a-reent.o)
                              D:/STM32CubeIDE_1.15.0/STM32CubeIDE/plugins/com.st.stm32cube.ide.mcu.externaltools.gnu-tools-for-stm32.12.3.rel1.win32_1.0.100.202403111256/tools/bin/../lib/gcc/arm-none-eabi/12.3.1/../../../../arm-none-eabi/lib/thumb/v7e-m+fp/hard\libc_nano.a(libc_a-closer.o) (errno)
D:/STM32CubeIDE_1.15.0/STM32CubeIDE/plugins/com.st.stm32cube.ide.mcu.externaltools.gnu-tools-for-stm32.12.3.rel1.win32_1.0.100.202403111256/tools/bin/../lib/gcc/arm-none-eabi/12.3.1/../../../../arm-none-eabi/lib/thumb/v7e-m+fp/hard\libc_nano.a(libc_a-impure.o)
                              D:/STM32CubeIDE_1.15.0/STM32CubeIDE/plugins/com.st.stm32cube.ide.mcu.externaltools.gnu-tools-for-stm32.12.3.rel1.win32_1.0.100.202403111256/tools/bin/../lib/gcc/arm-none-eabi/12.3.1/../../../../arm-none-eabi/lib/thumb/v7e-m+fp/hard\libc_nano.a(libc_a-reent.o) (_impure_ptr)
D:/STM32CubeIDE_1.15.0/STM32CubeIDE/plugins/com.st.stm32cube.ide.mcu.externaltools.gnu-tools-for-stm32.12.3.rel1.win32_1.0.100.202403111256/tools/bin/../lib/gcc/arm-none-eabi/12.3.1/../../../../arm-none-eabi/lib/thumb/v7e-m+fp/hard\libc_nano.a(libc_a-lseekr.o)
[...]
Memory Configuration

Name             Origin             Length             Attributes
RAM              0x20000000         0x00018000         xrw
FLASH            0x08000000         0x00080000         xr
*default*        0x00000000         0xffffffff

Linker script and memory map

LOAD D:/STM32CubeIDE_1.15.0/STM32CubeIDE/plugins/com.st.stm32cube.ide.mcu.externaltools.gnu-tools-for-stm32.12.3.rel1.win32_1.0.100.202403111256/tools/bin/../lib/gcc/arm-none-eabi/12.3.1/thumb/v7e-m+fp/hard/crti.o
LOAD D:/STM32CubeIDE_1.15.0/STM32CubeIDE/plugins/com.st.stm32cube.ide.mcu.externaltools.gnu-tools-for-stm32.12.3.rel1.win32_1.0.100.202403111256/tools/bin/../lib/gcc/arm-none-eabi/12.3.1/thumb/v7e-m+fp/hard/crtbegin.o
LOAD D:/STM32CubeIDE_1.15.0/STM32CubeIDE/plugins/com.st.stm32cube.ide.mcu.externaltools.gnu-tools-for-stm32.12.3.rel1.win32_1.0.100.202403111256/tools/bin/../lib/gcc/arm-none-eabi/12.3.1/../../../../arm-none-eabi/lib/thumb/v7e-m+fp/hard/crt0.o
LOAD ./Src/main.o
LOAD ./Startup/startup_stm32f401retx.o
LOAD ./thuVien/Src file/buff.o
LOAD ./thuVien/Src file/stm32f401re_gpio.o
LOAD ./thuVien/Src file/stm32f401re_rcc.o
LOAD ./thuVien/Src file/syscalls.o
LOAD ./thuVien/Src file/sysmem.o
LOAD ./thuVien/Src file/system_stm32f4xx.o
LOAD ./thuVien/Src file/utilities.o
LOAD D:\thuVien\lib_stm\libLibraries.a
START GROUP
LOAD D:/STM32CubeIDE_1.15.0/STM32CubeIDE/plugins/com.st.stm32cube.ide.mcu.externaltools.gnu-tools-for-stm32.12.3.rel1.win32_1.0.100.202403111256/tools/bin/../lib/gcc/arm-none-eabi/12.3.1/../../../../arm-none-eabi/lib/thumb/v7e-m+fp/hard\libc_nano.a
LOAD D:/STM32CubeIDE_1.15.0/STM32CubeIDE/plugins/com.st.stm32cube.ide.mcu.externaltools.gnu-tools-for-stm32.12.3.rel1.win32_1.0.100.202403111256/tools/bin/../lib/gcc/arm-none-eabi/12.3.1/../../../../arm-none-eabi/lib/thumb/v7e-m+fp/hard\libm.a
END GROUP
START GROUP
LOAD D:/STM32CubeIDE_1.15.0/STM32CubeIDE/plugins/com.st.stm32cube.ide.mcu.externaltools.gnu-tools-for-stm32.12.3.rel1.win32_1.0.100.202403111256/tools/bin/../lib/gcc/arm-none-eabi/12.3.1/thumb/v7e-m+fp/hard\libgcc.a
LOAD D:/STM32CubeIDE_1.15.0/STM32CubeIDE/plugins/com.st.stm32cube.ide.mcu.externaltools.gnu-tools-for-stm32.12.3.rel1.win32_1.0.100.202403111256/tools/bin/../lib/gcc/arm-none-eabi/12.3.1/../../../../arm-none-eabi/lib/thumb/v7e-m+fp/hard\libc_nano.a
END GROUP
START GROUP
LOAD D:/STM32CubeIDE_1.15.0/STM32CubeIDE/plugins/com.st.stm32cube.ide.mcu.externaltools.gnu-tools-for-stm32.12.3.rel1.win32_1.0.100.202403111256/tools/bin/../lib/gcc/arm-none-eabi/12.3.1/thumb/v7e-m+fp/hard\libgcc.a
LOAD D:/STM32CubeIDE_1.15.0/STM32CubeIDE/plugins/com.st.stm32cube.ide.mcu.externaltools.gnu-tools-for-stm32.12.3.rel1.win32_1.0.100.202403111256/tools/bin/../lib/gcc/arm-none-eabi/12.3.1/../../../../arm-none-eabi/lib/thumb/v7e-m+fp/hard\libc_nano.a
LOAD D:/STM32CubeIDE_1.15.0/STM32CubeIDE/plugins/com.st.stm32cube.ide.mcu.externaltools.gnu-tools-for-stm32.12.3.rel1.win32_1.0.100.202403111256/tools/bin/../lib/gcc/arm-none-eabi/12.3.1/../../../../arm-none-eabi/lib/thumb/v7e-m+fp/hard\libnosys.a
END GROUP
START GROUP
LOAD D:/STM32CubeIDE_1.15.0/STM32CubeIDE/plugins/com.st.stm32cube.ide.mcu.externaltools.gnu-tools-for-stm32.12.3.rel1.win32_1.0.100.202403111256/tools/bin/../lib/gcc/arm-none-eabi/12.3.1/thumb/v7e-m+fp/hard\libgcc.a
LOAD D:/STM32CubeIDE_1.15.0/STM32CubeIDE/plugins/com.st.stm32cube.ide.mcu.externaltools.gnu-tools-for-stm32.12.3.rel1.win32_1.0.100.202403111256/tools/bin/../lib/gcc/arm-none-eabi/12.3.1/../../../../arm-none-eabi/lib/thumb/v7e-m+fp/hard\libc_nano.a
LOAD D:/STM32CubeIDE_1.15.0/STM32CubeIDE/plugins/com.st.stm32cube.ide.mcu.externaltools.gnu-tools-for-stm32.12.3.rel1.win32_1.0.100.202403111256/tools/bin/../lib/gcc/arm-none-eabi/12.3.1/../../../../arm-none-eabi/lib/thumb/v7e-m+fp/hard\libnosys.a
END GROUP
LOAD D:/STM32CubeIDE_1.15.0/STM32CubeIDE/plugins/com.st.stm32cube.ide.mcu.externaltools.gnu-tools-for-stm32.12.3.rel1.win32_1.0.100.202403111256/tools/bin/../lib/gcc/arm-none-eabi/12.3.1/thumb/v7e-m+fp/hard/crtend.o
LOAD D:/STM32CubeIDE_1.15.0/STM32CubeIDE/plugins/com.st.stm32cube.ide.mcu.externaltools.gnu-tools-for-stm32.12.3.rel1.win32_1.0.100.202403111256/tools/bin/../lib/gcc/arm-none-eabi/12.3.1/thumb/v7e-m+fp/hard/crtn.o
                0x20018000                        _estack = (ORIGIN (RAM) + LENGTH (RAM))
                0x00000200                        _Min_Heap_Size = 0x200
                0x00000400                        _Min_Stack_Size = 0x400

.isr_vector     0x08000000      0x194
                0x08000000                        . = ALIGN (0x4)
 *(.isr_vector)
 .isr_vector    0x08000000      0x194 ./Startup/startup_stm32f401retx.o
                0x08000000                g_pfnVectors
                0x08000194                        . = ALIGN (0x4)

.text           0x08000194      0x554
                0x08000194                        . = ALIGN (0x4)
 *(.text)
 .text          0x08000194       0x40 D:/STM32CubeIDE_1.15.0/STM32CubeIDE/plugins/com.st.stm32cube.ide.mcu.externaltools.gnu-tools-for-stm32.12.3.rel1.win32_1.0.100.202403111256/tools/bin/../lib/gcc/arm-none-eabi/12.3.1/thumb/v7e-m+fp/hard/crtbegin.o
 *(.text*)
 .text.main     0x080001d4       0x80 ./Src/main.o
                0x080001d4                main
 .text.delay    0x08000254       0x2c ./Src/main.o
                0x08000254                delay
 .text.Led_init
                0x08000280       0x3c ./Src/main.o
 .text.LedControl_SetStatus
                0x080002bc       0x34 ./Src/main.o
 .text.buzzer_Init
                0x080002f0       0x3c ./Src/main.o
 .text.button_Init
                0x0800032c       0x34 ./Src/main.o
 .text.buzzerControlSetStatus
                0x08000360       0x34 ./Src/main.o
 .text.buttonReadStatus
                0x08000394       0x34 ./Src/main.o
 .text.Reset_Handler
                0x080003c8       0x50 ./Startup/startup_stm32f401retx.o
                0x080003c8                Reset_Handler
 .text.Default_Handler
                0x08000418        0x2 ./Startup/startup_stm32f401retx.o
                0x08000418                EXTI2_IRQHandler
                0x08000418                DebugMon_Handler
                0x08000418                SPI4_IRQHandler
                0x08000418                TIM1_CC_IRQHandler
                0x08000418                DMA2_Stream5_IRQHandler
                0x08000418                HardFault_Handler
                0x08000418                DMA1_Stream5_IRQHandler
                0x08000418                SysTick_Handler
                0x08000418                SDIO_IRQHandler
                0x08000418                TAMP_STAMP_IRQHandler
                0x08000418                PendSV_Handler
                0x08000418                NMI_Handler
                0x08000418                EXTI3_IRQHandler
                0x08000418                TIM1_UP_TIM10_IRQHandler
                0x08000418                I2C3_ER_IRQHandler
                0x08000418                EXTI18_OTG_FS_WKUP_IRQHandler
                0x08000418                EXTI0_IRQHandler
                0x08000418                I2C2_EV_IRQHandler
                0x08000418                DMA1_Stream2_IRQHandler
                0x08000418                UsageFault_Handler
                0x08000418                DMA2_Stream2_IRQHandler
                0x08000418                SPI1_IRQHandler
                0x08000418                TIM1_BRK_TIM9_IRQHandler
                0x08000418                DMA2_Stream3_IRQHandler
                0x08000418                USART6_IRQHandler
                0x08000418                DMA2_Stream0_IRQHandler
                0x08000418                TIM4_IRQHandler
                0x08000418                I2C1_EV_IRQHandler
                0x08000418                DMA1_Stream6_IRQHandler
                0x08000418                DMA1_Stream1_IRQHandler
                0x08000418                TIM3_IRQHandler
                0x08000418                RCC_IRQHandler
                0x08000418                Default_Handler
                0x08000418                EXTI15_10_IRQHandler
                0x08000418                ADC_IRQHandler
                0x08000418                DMA1_Stream7_IRQHandler
                0x08000418                TIM5_IRQHandler
                0x08000418                DMA2_Stream7_IRQHandler
                0x08000418                I2C3_EV_IRQHandler
                0x08000418                EXTI9_5_IRQHandler
                0x08000418                SPI2_IRQHandler
                0x08000418                MemManage_Handler
                0x08000418                DMA1_Stream0_IRQHandler
                0x08000418                SVC_Handler
                0x08000418                EXTI4_IRQHandler
                0x08000418                EXTI22_RTC_WKUP_IRQHandler
                0x08000418                TIM2_IRQHandler
                0x08000418                EXTI16_PVD_IRQHandler
                0x08000418                TIM1_TRG_COM_TIM11_IRQHandler
                0x08000418                EXTI1_IRQHandler
                0x08000418                EXTI17_RTC_Alarm_IRQHandler
                0x08000418                USART2_IRQHandler
                0x08000418                I2C2_ER_IRQHandler
                0x08000418                DMA2_Stream1_IRQHandler
                0x08000418                FLASH_IRQHandler
                0x08000418                DMA2_Stream4_IRQHandler
                0x08000418                BusFault_Handler
                0x08000418                USART1_IRQHandler
                0x08000418                OTG_FS_IRQHandler
                0x08000418                SPI3_IRQHandler
                0x08000418                DMA1_Stream4_IRQHandler
                0x08000418                I2C1_ER_IRQHandler
                0x08000418                DMA2_Stream6_IRQHandler
                0x08000418                DMA1_Stream3_IRQHandler
 .text.GPIO_Init
                0x0800041a      0x11e ./thuVien/Src file/stm32f401re_gpio.o
                0x0800041a                GPIO_Init
 .text.RCC_AHB1PeriphClockCmd
                0x08000538       0x40 ./thuVien/Src file/stm32f401re_rcc.o
                0x08000538                RCC_AHB1PeriphClockCmd
 .text.SystemInit
                0x08000578       0x6c ./thuVien/Src file/system_stm32f4xx.o
                0x08000578                SystemInit
 .text.SetSysClock
                0x080005e4       0xa4 ./thuVien/Src file/system_stm32f4xx.o
 .text.__libc_init_array
                0x08000688       0x48 D:/STM32CubeIDE_1.15.0/STM32CubeIDE/plugins/com.st.stm32cube.ide.mcu.externaltools.gnu-tools-for-stm32.12.3.rel1.win32_1.0.100.202403111256/tools/bin/../lib/gcc/arm-none-eabi/12.3.1/../../../../arm-none-eabi/lib/thumb/v7e-m+fp/hard\libc_nano.a(libc_a-init.o)
                0x08000688                __libc_init_array
 *(.glue_7)
 .glue_7        0x080006d0        0x0 linker stubs
 *(.glue_7t)
 .glue_7t       0x080006d0        0x0 linker stubs
 *(.eh_frame)
 .eh_frame      0x080006d0        0x0 D:/STM32CubeIDE_1.15.0/STM32CubeIDE/plugins/com.st.stm32cube.ide.mcu.externaltools.gnu-tools-for-stm32.12.3.rel1.win32_1.0.100.202403111256/tools/bin/../lib/gcc/arm-none-eabi/12.3.1/thumb/v7e-m+fp/hard/crtbegin.o
 *(.init)
 .init          0x080006d0        0x4 D:/STM32CubeIDE_1.15.0/STM32CubeIDE/plugins/com.st.stm32cube.ide.mcu.externaltools.gnu-tools-for-stm32.12.3.rel1.win32_1.0.100.202403111256/tools/bin/../lib/gcc/arm-none-eabi/12.3.1/thumb/v7e-m+fp/hard/crti.o
                0x080006d0                _init
 .init          0x080006d4        0x8 D:/STM32CubeIDE_1.15.0/STM32CubeIDE/plugins/com.st.stm32cube.ide.mcu.externaltools.gnu-tools-for-stm32.12.3.rel1.win32_1.0.100.202403111256/tools/bin/../lib/gcc/arm-none-eabi/12.3.1/thumb/v7e-m+fp/hard/crtn.o
 *(.fini)
 .fini          0x080006dc        0x4 D:/STM32CubeIDE_1.15.0/STM32CubeIDE/plugins/com.st.stm32cube.ide.mcu.externaltools.gnu-tools-for-stm32.12.3.rel1.win32_1.0.100.202403111256/tools/bin/../lib/gcc/arm-none-eabi/12.3.1/thumb/v7e-m+fp/hard/crti.o
                0x080006dc                _fini
 .fini          0x080006e0        0x8 D:/STM32CubeIDE_1.15.0/STM32CubeIDE/plugins/com.st.stm32cube.ide.mcu.externaltools.gnu-tools-for-stm32.12.3.rel1.win32_1.0.100.202403111256/tools/bin/../lib/gcc/arm-none-eabi/12.3.1/thumb/v7e-m+fp/hard/crtn.o
                0x080006e8                        . = ALIGN (0x4)
                0x080006e8                        _etext = .

.vfp11_veneer   0x080006e8        0x0
 .vfp11_veneer  0x080006e8        0x0 linker stubs

.v4_bx          0x080006e8        0x0
 .v4_bx         0x080006e8        0x0 linker stubs

.iplt           0x080006e8        0x0
 .iplt          0x080006e8        0x0 D:/STM32CubeIDE_1.15.0/STM32CubeIDE/plugins/com.st.stm32cube.ide.mcu.externaltools.gnu-tools-for-stm32.12.3.rel1.win32_1.0.100.202403111256/tools/bin/../lib/gcc/arm-none-eabi/12.3.1/thumb/v7e-m+fp/hard/crtbegin.o

.rodata         0x080006e8        0x0
                0x080006e8                        . = ALIGN (0x4)
 *(.rodata)
 *(.rodata*)
                0x080006e8                        . = ALIGN (0x4)

.ARM.extab      0x080006e8        0x0
                0x080006e8                        . = ALIGN (0x4)
 *(.ARM.extab* .gnu.linkonce.armextab.*)
                0x080006e8                        . = ALIGN (0x4)

.ARM            0x080006e8        0x0
                0x080006e8                        . = ALIGN (0x4)
                0x080006e8                        __exidx_start = .
 *(.ARM.exidx*)
                0x080006e8                        __exidx_end = .
                0x080006e8                        . = ALIGN (0x4)

.preinit_array  0x080006e8        0x0
                0x080006e8                        . = ALIGN (0x4)
                0x080006e8                        PROVIDE (__preinit_array_start = .)
 *(.preinit_array*)
                0x080006e8                        PROVIDE (__preinit_array_end = .)
                0x080006e8                        . = ALIGN (0x4)

.init_array     0x080006e8        0x4
                0x080006e8                        . = ALIGN (0x4)
                0x080006e8                        PROVIDE (__init_array_start = .)
 *(SORT_BY_NAME(.init_array.*))
 *(.init_array*)
 .init_array    0x080006e8        0x4 D:/STM32CubeIDE_1.15.0/STM32CubeIDE/plugins/com.st.stm32cube.ide.mcu.externaltools.gnu-tools-for-stm32.12.3.rel1.win32_1.0.100.202403111256/tools/bin/../lib/gcc/arm-none-eabi/12.3.1/thumb/v7e-m+fp/hard/crtbegin.o
                0x080006ec                        PROVIDE (__init_array_end = .)
                0x080006ec                        . = ALIGN (0x4)

.fini_array     0x080006ec        0x4
                0x080006ec                        . = ALIGN (0x4)
                [!provide]                        PROVIDE (__fini_array_start = .)
 *(SORT_BY_NAME(.fini_array.*))
 *(.fini_array*)
 .fini_array    0x080006ec        0x4 D:/STM32CubeIDE_1.15.0/STM32CubeIDE/plugins/com.st.stm32cube.ide.mcu.externaltools.gnu-tools-for-stm32.12.3.rel1.win32_1.0.100.202403111256/tools/bin/../lib/gcc/arm-none-eabi/12.3.1/thumb/v7e-m+fp/hard/crtbegin.o
                [!provide]                        PROVIDE (__fini_array_end = .)
                0x080006f0                        . = ALIGN (0x4)
                0x080006f0                        _sidata = LOADADDR (.data)

.rel.dyn        0x080006f0        0x0
 .rel.iplt      0x080006f0        0x0 D:/STM32CubeIDE_1.15.0/STM32CubeIDE/plugins/com.st.stm32cube.ide.mcu.externaltools.gnu-tools-for-stm32.12.3.rel1.win32_1.0.100.202403111256/tools/bin/../lib/gcc/arm-none-eabi/12.3.1/thumb/v7e-m+fp/hard/crtbegin.o

.data           0x20000000        0x0 load address 0x080006f0
                0x20000000                        . = ALIGN (0x4)
                0x20000000                        _sdata = .
 *(.data)
 *(.data*)
 *(.RamFunc)
 *(.RamFunc*)
                0x20000000                        . = ALIGN (0x4)
                0x20000000                        _edata = .

.igot.plt       0x20000000        0x0 load address 0x080006f0
 .igot.plt      0x20000000        0x0 D:/STM32CubeIDE_1.15.0/STM32CubeIDE/plugins/com.st.stm32cube.ide.mcu.externaltools.gnu-tools-for-stm32.12.3.rel1.win32_1.0.100.202403111256/tools/bin/../lib/gcc/arm-none-eabi/12.3.1/thumb/v7e-m+fp/hard/crtbegin.o
                0x20000000                        . = ALIGN (0x4)

.bss            0x20000000       0x1c load address 0x080006f0
                0x20000000                        _sbss = .
                0x20000000                        __bss_start__ = _sbss
 *(.bss)
 .bss           0x20000000       0x1c D:/STM32CubeIDE_1.15.0/STM32CubeIDE/plugins/com.st.stm32cube.ide.mcu.externaltools.gnu-tools-for-stm32.12.3.rel1.win32_1.0.100.202403111256/tools/bin/../lib/gcc/arm-none-eabi/12.3.1/thumb/v7e-m+fp/hard/crtbegin.o
 *(.bss*)
 *(COMMON)
                0x2000001c                        . = ALIGN (0x4)
                0x2000001c                        _ebss = .
                0x2000001c                        __bss_end__ = _ebss

._user_heap_stack
                0x2000001c      0x604 load address 0x080006f0
                0x20000020                        . = ALIGN (0x8)
 *fill*         0x2000001c        0x4 
                [!provide]                        PROVIDE (end = .)
                0x20000020                        PROVIDE (_end = .)
                0x20000220                        . = (. + _Min_Heap_Size)
 *fill*         0x20000020      0x200 
                0x20000620                        . = (. + _Min_Stack_Size)
 *fill*         0x20000220      0x400 
                0x20000620                        . = ALIGN (0x8)

/DISCARD/
 libc.a(*)
 libm.a(*)
 libgcc.a(*)

.ARM.attributes
                0x00000000       0x30
 *(.ARM.attributes)
 .ARM.attributes
                0x00000000       0x22 D:/STM32CubeIDE_1.15.0/STM32CubeIDE/plugins/com.st.stm32cube.ide.mcu.externaltools.gnu-tools-for-stm32.12.3.rel1.win32_1.0.100.202403111256/tools/bin/../lib/gcc/arm-none-eabi/12.3.1/thumb/v7e-m+fp/hard/crti.o
 .ARM.attributes
                0x00000022       0x34 D:/STM32CubeIDE_1.15.0/STM32CubeIDE/plugins/com.st.stm32cube.ide.mcu.externaltools.gnu-tools-for-stm32.12.3.rel1.win32_1.0.100.202403111256/tools/bin/../lib/gcc/arm-none-eabi/12.3.1/thumb/v7e-m+fp/hard/crtbegin.o
 .ARM.attributes
                0x00000056       0x34 ./Src/main.o
 .ARM.attributes
                0x0000008a       0x21 ./Startup/startup_stm32f401retx.o
 .ARM.attributes
                0x000000ab       0x34 ./thuVien/Src file/stm32f401re_gpio.o
 .ARM.attributes
                0x000000df       0x34 ./thuVien/Src file/stm32f401re_rcc.o
 .ARM.attributes
                0x00000113       0x34 ./thuVien/Src file/system_stm32f4xx.o
 .ARM.attributes
                0x00000147       0x34 D:/STM32CubeIDE_1.15.0/STM32CubeIDE/plugins/com.st.stm32cube.ide.mcu.externaltools.gnu-tools-for-stm32.12.3.rel1.win32_1.0.100.202403111256/tools/bin/../lib/gcc/arm-none-eabi/12.3.1/../../../../arm-none-eabi/lib/thumb/v7e-m+fp/hard\libc_nano.a(libc_a-init.o)
 .ARM.attributes
                0x0000017b       0x22 D:/STM32CubeIDE_1.15.0/STM32CubeIDE/plugins/com.st.stm32cube.ide.mcu.externaltools.gnu-tools-for-stm32.12.3.rel1.win32_1.0.100.202403111256/tools/bin/../lib/gcc/arm-none-eabi/12.3.1/thumb/v7e-m+fp/hard/crtn.o
OUTPUT(thuVinTuTao.elf elf32-littlearm)
LOAD linker stubs
LOAD D:/STM32CubeIDE_1.15.0/STM32CubeIDE/plugins/com.st.stm32cube.ide.mcu.externaltools.gnu-tools-for-stm32.12.3.rel1.win32_1.0.100.202403111256/tools/bin/../lib/gcc/arm-none-eabi/12.3.1/../../../../arm-none-eabi/lib/thumb/v7e-m+fp/hard\libc.a
LOAD D:/STM32CubeIDE_1.15.0/STM32CubeIDE/plugins/com.st.stm32cube.ide.mcu.externaltools.gnu-tools-for-stm32.12.3.rel1.win32_1.0.100.202403111256/tools/bin/../lib/gcc/arm-none-eabi/12.3.1/../../../../arm-none-eabi/lib/thumb/v7e-m+fp/hard\libm.a
LOAD D:/STM32CubeIDE_1.15.0/STM32CubeIDE/plugins/com.st.stm32cube.ide.mcu.externaltools.gnu-tools-for-stm32.12.3.rel1.win32_1.0.100.202403111256/tools/bin/../lib/gcc/arm-none-eabi/12.3.1/thumb/v7e-m+fp/hard\libgcc.a

.debug_info     0x00000000     0x1d07
 .debug_info    0x00000000      0x493 ./Src/main.o
 .debug_info    0x00000493       0x30 ./Startup/startup_stm32f401retx.o
 .debug_info    0x000004c3      0x593 ./thuVien/Src file/stm32f401re_gpio.o
 .debug_info    0x00000a56      0xcde ./thuVien/Src file/stm32f401re_rcc.o
 .debug_info    0x00001734      0x5d3 ./thuVien/Src file/system_stm32f4xx.o

.debug_abbrev   0x00000000      0x6df
 .debug_abbrev  0x00000000      0x1be ./Src/main.o
 .debug_abbrev  0x000001be       0x24 ./Startup/startup_stm32f401retx.o
 .debug_abbrev  0x000001e2      0x1af ./thuVien/Src file/stm32f401re_gpio.o
 .debug_abbrev  0x00000391      0x20c ./thuVien/Src file/stm32f401re_rcc.o
 .debug_abbrev  0x0000059d      0x142 ./thuVien/Src file/system_stm32f4xx.o

.debug_aranges  0x00000000      0x2c8
 .debug_aranges
                0x00000000       0x58 ./Src/main.o
 .debug_aranges
                0x00000058       0x28 ./Startup/startup_stm32f401retx.o
 .debug_aranges
                0x00000080       0x80 ./thuVien/Src file/stm32f401re_gpio.o
 .debug_aranges
                0x00000100      0x198 ./thuVien/Src file/stm32f401re_rcc.o
 .debug_aranges
                0x00000298       0x30 ./thuVien/Src file/system_stm32f4xx.o

.debug_rnglists
                0x00000000      0x203
 .debug_rnglists
                0x00000000       0x3e ./Src/main.o
 .debug_rnglists
                0x0000003e       0x19 ./Startup/startup_stm32f401retx.o
 .debug_rnglists
                0x00000057       0x5d ./thuVien/Src file/stm32f401re_gpio.o
 .debug_rnglists
                0x000000b4      0x12e ./thuVien/Src file/stm32f401re_rcc.o
 .debug_rnglists
                0x000001e2       0x21 ./thuVien/Src file/system_stm32f4xx.o

.debug_macro    0x00000000     0x74b5
 .debug_macro   0x00000000      0x125 ./Src/main.o
 .debug_macro   0x00000125      0xac0 ./Src/main.o
 .debug_macro   0x00000be5       0x22 ./Src/main.o
 .debug_macro   0x00000c07       0x8e ./Src/main.o
 .debug_macro   0x00000c95       0x51 ./Src/main.o
 .debug_macro   0x00000ce6      0x103 ./Src/main.o
 .debug_macro   0x00000de9       0x6a ./Src/main.o
 .debug_macro   0x00000e53      0x1df ./Src/main.o
 .debug_macro   0x00001032       0x40 ./Src/main.o
 .debug_macro   0x00001072       0x3b ./Src/main.o
 .debug_macro   0x000010ad       0x34 ./Src/main.o
 .debug_macro   0x000010e1       0x26 ./Src/main.o
 .debug_macro   0x00001107      0xe43 ./Src/main.o
 .debug_macro   0x00001f4a     0x466d ./Src/main.o
 .debug_macro   0x000065b7      0x1de ./Src/main.o
 .debug_macro   0x00006795      0x4f9 ./Src/main.o
 .debug_macro   0x00006c8e       0x2d ./Src/main.o
 .debug_macro   0x00006cbb       0xb3 ./thuVien/Src file/stm32f401re_gpio.o
 .debug_macro   0x00006d6e      0x186 ./thuVien/Src file/stm32f401re_rcc.o
 .debug_macro   0x00006ef4      0x4f3 ./thuVien/Src file/stm32f401re_rcc.o
 .debug_macro   0x000073e7       0xce ./thuVien/Src file/system_stm32f4xx.o

.debug_line     0x00000000     0x2041
 .debug_line    0x00000000      0x5e4 ./Src/main.o
 .debug_line    0x000005e4       0x7b ./Startup/startup_stm32f401retx.o
 .debug_line    0x0000065f      0x714 ./thuVien/Src file/stm32f401re_gpio.o
 .debug_line    0x00000d73      0xcf9 ./thuVien/Src file/stm32f401re_rcc.o
 .debug_line    0x00001a6c      0x5d5 ./thuVien/Src file/system_stm32f4xx.o

.debug_str      0x00000000    0x250d5
 .debug_str     0x00000000    0x24143 ./Src/main.o
                              0x24322 (size before relaxing)
 .debug_str     0x00024143       0x3f ./Startup/startup_stm32f401retx.o
                                 0x5f (size before relaxing)
 .debug_str     0x00024182      0x15c ./thuVien/Src file/stm32f401re_gpio.o
                              0x22103 (size before relaxing)
 .debug_str     0x000242de      0xcd8 ./thuVien/Src file/stm32f401re_rcc.o
                              0x243ac (size before relaxing)
 .debug_str     0x00024fb6      0x11f ./thuVien/Src file/system_stm32f4xx.o
                              0x217d2 (size before relaxing)

.comment        0x00000000       0x43
 .comment       0x00000000       0x43 ./Src/main.o
                                 0x44 (size before relaxing)
 .comment       0x00000043       0x44 ./thuVien/Src file/stm32f401re_gpio.o
 .comment       0x00000043       0x44 ./thuVien/Src file/stm32f401re_rcc.o
 .comment       0x00000043       0x44 ./thuVien/Src file/system_stm32f4xx.o

.debug_frame    0x00000000      0xb68
 .debug_frame   0x00000000      0x13c ./Src/main.o
 .debug_frame   0x0000013c      0x218 ./thuVien/Src file/stm32f401re_gpio.o
 .debug_frame   0x00000354      0x774 ./thuVien/Src file/stm32f401re_rcc.o
 .debug_frame   0x00000ac8       0x74 ./thuVien/Src file/system_stm32f4xx.o
 .debug_frame   0x00000b3c       0x2c D:/STM32CubeIDE_1.15.0/STM32CubeIDE/plugins/com.st.stm32cube.ide.mcu.externaltools.gnu-tools-for-stm32.12.3.rel1.win32_1.0.100.202403111256/tools/bin/../lib/gcc/arm-none-eabi/12.3.1/../../../../arm-none-eabi/lib/thumb/v7e-m+fp/hard\libc_nano.a(libc_a-init.o)

.debug_line_str
                0x00000000       0x43
 .debug_line_str
                0x00000000       0x43 ./Startup/startup_stm32f401retx.o
