D:/2. Lập trình nhúng với STM32/Bài 6_ Lập trình thư viện cho GPIO/Hướng dẫn xây dựng thư viện SDK_1.0.3_NUCLEO-F401RE/Tài liệu code tham khảo/SDK_1.0.3_NUCLEO-F401RE/shared/Drivers/CMSIS/Source/system_stm32f4xx.c:211:6:SystemInit	8	static
D:/2. Lập trình nhúng với STM32/Bài 6_ Lập trình thư viện cho GPIO/Hướng dẫn xây dựng thư viện SDK_1.0.3_NUCLEO-F401RE/Tài liệu code tham khảo/SDK_1.0.3_NUCLEO-F401RE/shared/Drivers/CMSIS/Source/system_stm32f4xx.c:288:6:SystemCoreClockUpdate	32	static
D:/2. Lập trình nhúng với STM32/Bài 6_ Lập trình thư viện cho GPIO/Hướng dẫn xây dựng thư viện SDK_1.0.3_NUCLEO-F401RE/Tài liệu code tham khảo/SDK_1.0.3_NUCLEO-F401RE/shared/Drivers/CMSIS/Source/system_stm32f4xx.c:344:13:SetSysClock	4	static
